../Drivers/CMSIS/Include/core_cm7.h:2229:22:SCB_EnableICache	4	static,ignoring_inline_asm
../Drivers/CMSIS/Include/core_cm7.h:2281:22:SCB_EnableDCache	24	static,ignoring_inline_asm
../Core/Src/main.c:93:5:main	8	static
../Core/Src/main.c:217:6:SystemClock_Config	88	static
../Core/Src/main.c:272:13:MX_TIM1_Init	112	static
../Core/Src/main.c:352:13:MX_TIM3_Init	64	static
../Core/Src/main.c:411:13:MX_TIM4_Init	64	static
../Core/Src/main.c:470:13:MX_GPIO_Init	56	static
../Core/Src/main.c:546:6:udp_client_connect	24	static
../Core/Src/main.c:603:6:udp_receive_callback	80	static
../Core/Src/main.c:647:6:pl_actuate_to	16	static
../Core/Src/main.c:658:6:MPU_Config	24	static
../Core/Src/main.c:689:6:Error_Handler	4	static,ignoring_inline_asm
