../Drivers/CMSIS/Include/core_cm7.h:2229:22:SCB_EnableICache	1
../Drivers/CMSIS/Include/core_cm7.h:2281:22:SCB_EnableDCache	3
../Core/Src/main.c:93:5:main	4
../Core/Src/main.c:217:6:SystemClock_Config	4
../Core/Src/main.c:272:13:MX_TIM1_Init	7
../Core/Src/main.c:352:13:MX_TIM3_Init	6
../Core/Src/main.c:411:13:MX_TIM4_Init	6
../Core/Src/main.c:470:13:MX_GPIO_Init	1
../Core/Src/main.c:546:6:udp_client_connect	2
../Core/Src/main.c:603:6:udp_receive_callback	4
../Core/Src/main.c:647:6:pl_actuate_to	1
../Core/Src/main.c:658:6:MPU_Config	1
../Core/Src/main.c:689:6:Error_Handler	1
