../Drivers/CMSIS/Include/core_cm7.h:2229:22:SCB_EnableICache	4	static,ignoring_inline_asm
../Drivers/CMSIS/Include/core_cm7.h:2281:22:SCB_EnableDCache	24	static,ignoring_inline_asm
../Core/Src/main.c:99:5:main	8	static
../Core/Src/main.c:208:6:SystemClock_Config	88	static
../Core/Src/main.c:263:13:MX_TIM11_Init	40	static
../Core/Src/main.c:309:13:MX_TIM13_Init	40	static
../Core/Src/main.c:355:13:MX_GPIO_Init	56	static
../Core/Src/main.c:452:6:udp_client_connect	24	static
../Core/Src/main.c:509:6:udp_receive_callback	80	static
../Core/Src/main.c:552:6:MPU_Config	24	static
../Core/Src/main.c:583:6:Error_Handler	4	static,ignoring_inline_asm
