../Drivers/CMSIS/Include/core_cm7.h:2229:22:SCB_EnableICache	1
../Drivers/CMSIS/Include/core_cm7.h:2281:22:SCB_EnableDCache	3
../Core/Src/main.c:99:5:main	1
../Core/Src/main.c:208:6:SystemClock_Config	4
../Core/Src/main.c:263:13:MX_TIM11_Init	4
../Core/Src/main.c:309:13:MX_TIM13_Init	4
../Core/Src/main.c:355:13:MX_GPIO_Init	1
../Core/Src/main.c:452:6:udp_client_connect	2
../Core/Src/main.c:509:6:udp_receive_callback	6
../Core/Src/main.c:552:6:MPU_Config	1
../Core/Src/main.c:583:6:Error_Handler	1
